../Core/Src/main.c:101:5:main	104	static
../Core/Src/main.c:220:6:SystemClock_Config	88	static
../Core/Src/main.c:266:13:MX_CRC_Init	8	static
../Core/Src/main.c:292:13:MX_DMA2D_Init	8	static
../Core/Src/main.c:329:13:MX_I2C3_Init	8	static
../Core/Src/main.c:377:13:MX_LTDC_Init	64	static
../Core/Src/main.c:439:13:MX_SPI5_Init	8	static
../Core/Src/main.c:477:13:MX_TIM1_Init	32	static
../Core/Src/main.c:523:13:MX_USART1_UART_Init	8	static
../Core/Src/main.c:552:13:MX_FMC_Init	40	static
../Core/Src/main.c:603:13:MX_GPIO_Init	64	static
../Core/Src/main.c:710:6:StartDefaultTask	16	static
../Core/Src/main.c:731:6:UartTask	120	static
../Core/Src/main.c:759:6:SensorTask	32	static
../Core/Src/main.c:794:6:HAL_TIM_PeriodElapsedCallback	16	static
../Core/Src/main.c:811:6:Error_Handler	4	static,ignoring_inline_asm
